stm32f1xx_it.c:61:6:TIM_ClearITPendingBit	16	static
stm32f1xx_it.c:69:10:TIM_GetITStatus	24	static
stm32f1xx_it.c:90:13:TIM_GetCapture1	16	static
stm32f1xx_it.c:100:11:TIM_GetCapture2	16	static
stm32f1xx_it.c:128:6:NMI_Handler	4	static
stm32f1xx_it.c:143:6:HardFault_Handler	4	static
stm32f1xx_it.c:158:6:MemManage_Handler	4	static
stm32f1xx_it.c:173:6:BusFault_Handler	4	static
stm32f1xx_it.c:188:6:UsageFault_Handler	4	static
stm32f1xx_it.c:203:6:SVC_Handler	4	static
stm32f1xx_it.c:216:6:DebugMon_Handler	4	static
stm32f1xx_it.c:229:6:PendSV_Handler	4	static
stm32f1xx_it.c:242:6:SysTick_Handler	8	static
stm32f1xx_it.c:263:6:TIM1_CC_IRQHandler	8	static
